  Geri y├╝klenecek projeler belirleniyor...
  Geri y├╝kleme i├ğin t├╝m projeler g├╝ncel.
C:\Program Files\dotnet\sdk\10.0.100-rc.2.25502.107\Sdks\Microsoft.NET.Sdk\targets\Microsoft.NET.RuntimeIdentifierInference.targets(351,5): message NETSDK1057: Bir .NET ├Ânizleme s├╝r├╝m├╝ kullan─▒yorsunuz. Bkz. https://aka.ms/dotnet-support-policy [C:\Users\gamze.k─▒l─▒nc\Desktop\FortuneCookie\Client\FortuneCookie.Client.csproj]
  FortuneCookie.Shared -> C:\Users\gamze.k─▒l─▒nc\Desktop\FortuneCookie\Shared\bin\Debug\net10.0\FortuneCookie.Shared.dll
C:\Users\gamze.k─▒l─▒nc\Desktop\FortuneCookie\Client\MainWindow.xaml.cs(106,29): error CS0246: 'BitmapImage' t├╝r├╝ veya ad alan─▒ ad─▒ bulunamad─▒ (bir using y├Ânergeniz veya derleme ba┼şvurunuz mu eksik?) [C:\Users\gamze.k─▒l─▒nc\Desktop\FortuneCookie\Client\FortuneCookie.Client.csproj]
C:\Users\gamze.k─▒l─▒nc\Desktop\FortuneCookie\Client\Services\NetworkService.cs(97,63): warning CS8625: Null sabit de─şer, bo┼ş de─şer atanamayan ba┼şvuru t├╝r├╝ne d├Ân├╝┼şt├╝r├╝lemiyor. [C:\Users\gamze.k─▒l─▒nc\Desktop\FortuneCookie\Client\FortuneCookie.Client.csproj]
C:\Users\gamze.k─▒l─▒nc\Desktop\FortuneCookie\Client\Services\NetworkService.cs(103,66): warning CS8625: Null sabit de─şer, bo┼ş de─şer atanamayan ba┼şvuru t├╝r├╝ne d├Ân├╝┼şt├╝r├╝lemiyor. [C:\Users\gamze.k─▒l─▒nc\Desktop\FortuneCookie\Client\FortuneCookie.Client.csproj]
C:\Users\gamze.k─▒l─▒nc\Desktop\FortuneCookie\Client\MainWindow.xaml.cs(141,49): error CS0246: 'BitmapImage' t├╝r├╝ veya ad alan─▒ ad─▒ bulunamad─▒ (bir using y├Ânergeniz veya derleme ba┼şvurunuz mu eksik?) [C:\Users\gamze.k─▒l─▒nc\Desktop\FortuneCookie\Client\FortuneCookie.Client.csproj]
C:\Users\gamze.k─▒l─▒nc\Desktop\FortuneCookie\Client\MainWindow.xaml.cs(145,49): error CS0246: 'BitmapImage' t├╝r├╝ veya ad alan─▒ ad─▒ bulunamad─▒ (bir using y├Ânergeniz veya derleme ba┼şvurunuz mu eksik?) [C:\Users\gamze.k─▒l─▒nc\Desktop\FortuneCookie\Client\FortuneCookie.Client.csproj]
C:\Users\gamze.k─▒l─▒nc\Desktop\FortuneCookie\Client\MainWindow.xaml.cs(202,33): warning CS8600: Null sabit de─şeri veya olas─▒ null de─şeri, bo┼ş de─şer atanamaz t├╝re d├Ân├╝┼şt├╝r├╝l├╝yor. [C:\Users\gamze.k─▒l─▒nc\Desktop\FortuneCookie\Client\FortuneCookie.Client.csproj]
C:\Users\gamze.k─▒l─▒nc\Desktop\FortuneCookie\Client\MainWindow.xaml.cs(213,34): warning CS8600: Null sabit de─şeri veya olas─▒ null de─şeri, bo┼ş de─şer atanamaz t├╝re d├Ân├╝┼şt├╝r├╝l├╝yor. [C:\Users\gamze.k─▒l─▒nc\Desktop\FortuneCookie\Client\FortuneCookie.Client.csproj]
C:\Users\gamze.k─▒l─▒nc\Desktop\FortuneCookie\Client\Services\NetworkService.cs(127,35): warning CS8600: Null sabit de─şeri veya olas─▒ null de─şeri, bo┼ş de─şer atanamaz t├╝re d├Ân├╝┼şt├╝r├╝l├╝yor. [C:\Users\gamze.k─▒l─▒nc\Desktop\FortuneCookie\Client\FortuneCookie.Client.csproj]
C:\Users\gamze.k─▒l─▒nc\Desktop\FortuneCookie\Client\Services\NetworkService.cs(171,30): warning CS0168: 'ex' de─şi┼şkeni ifade edilir ancak hi├ğbir zaman kullan─▒lmaz [C:\Users\gamze.k─▒l─▒nc\Desktop\FortuneCookie\Client\FortuneCookie.Client.csproj]
C:\Users\gamze.k─▒l─▒nc\Desktop\FortuneCookie\Client\MainWindow.xaml.cs(299,27): warning CS8618: Null atanamaz ├Âzellik 'CategoryDisplay', olu┼şturucudan ├ğ─▒k─▒┼ş yaparken null olmayan bir de─şer i├ğermelidir. 'Gerekli' de─şi┼ştiricisini ekleyin veya ├Âzellik de─şerini null atanabilir olarak bildirmeyi g├Âz ├Ân├╝nde bulundurun. [C:\Users\gamze.k─▒l─▒nc\Desktop\FortuneCookie\Client\FortuneCookie.Client.csproj]
C:\Users\gamze.k─▒l─▒nc\Desktop\FortuneCookie\Client\MainWindow.xaml.cs(300,27): warning CS8618: Null atanamaz ├Âzellik 'Text', olu┼şturucudan ├ğ─▒k─▒┼ş yaparken null olmayan bir de─şer i├ğermelidir. 'Gerekli' de─şi┼ştiricisini ekleyin veya ├Âzellik de─şerini null atanabilir olarak bildirmeyi g├Âz ├Ân├╝nde bulundurun. [C:\Users\gamze.k─▒l─▒nc\Desktop\FortuneCookie\Client\FortuneCookie.Client.csproj]
C:\Users\gamze.k─▒l─▒nc\Desktop\FortuneCookie\Client\MainWindow.xaml.cs(301,27): warning CS8618: Null atanamaz ├Âzellik 'CategoryColor', olu┼şturucudan ├ğ─▒k─▒┼ş yaparken null olmayan bir de─şer i├ğermelidir. 'Gerekli' de─şi┼ştiricisini ekleyin veya ├Âzellik de─şerini null atanabilir olarak bildirmeyi g├Âz ├Ân├╝nde bulundurun. [C:\Users\gamze.k─▒l─▒nc\Desktop\FortuneCookie\Client\FortuneCookie.Client.csproj]
C:\Users\gamze.k─▒l─▒nc\Desktop\FortuneCookie\Client\MainWindow.xaml.cs(302,27): warning CS8618: Null atanamaz ├Âzellik 'Icon', olu┼şturucudan ├ğ─▒k─▒┼ş yaparken null olmayan bir de─şer i├ğermelidir. 'Gerekli' de─şi┼ştiricisini ekleyin veya ├Âzellik de─şerini null atanabilir olarak bildirmeyi g├Âz ├Ân├╝nde bulundurun. [C:\Users\gamze.k─▒l─▒nc\Desktop\FortuneCookie\Client\FortuneCookie.Client.csproj]
C:\Users\gamze.k─▒l─▒nc\Desktop\FortuneCookie\Client\Services\NetworkService.cs(201,30): warning CS0168: 'ex' de─şi┼şkeni ifade edilir ancak hi├ğbir zaman kullan─▒lmaz [C:\Users\gamze.k─▒l─▒nc\Desktop\FortuneCookie\Client\FortuneCookie.Client.csproj]
C:\Users\gamze.k─▒l─▒nc\Desktop\FortuneCookie\Client\Services\NetworkService.cs(14,27): warning CS8618: Null atanamaz alan '_tcpClient', olu┼şturucudan ├ğ─▒k─▒┼ş yaparken null olmayan bir de─şer i├ğermelidir. 'Gerekli' de─şi┼ştiricisini ekleyin veya alan de─şerini null atanabilir olarak bildirmeyi g├Âz ├Ân├╝nde bulundurun. [C:\Users\gamze.k─▒l─▒nc\Desktop\FortuneCookie\Client\FortuneCookie.Client.csproj]
C:\Users\gamze.k─▒l─▒nc\Desktop\FortuneCookie\Client\Services\NetworkService.cs(15,30): warning CS8618: Null atanamaz alan '_reader', olu┼şturucudan ├ğ─▒k─▒┼ş yaparken null olmayan bir de─şer i├ğermelidir. 'Gerekli' de─şi┼ştiricisini ekleyin veya alan de─şerini null atanabilir olarak bildirmeyi g├Âz ├Ân├╝nde bulundurun. [C:\Users\gamze.k─▒l─▒nc\Desktop\FortuneCookie\Client\FortuneCookie.Client.csproj]
C:\Users\gamze.k─▒l─▒nc\Desktop\FortuneCookie\Client\Services\NetworkService.cs(16,30): warning CS8618: Null atanamaz alan '_writer', olu┼şturucudan ├ğ─▒k─▒┼ş yaparken null olmayan bir de─şer i├ğermelidir. 'Gerekli' de─şi┼ştiricisini ekleyin veya alan de─şerini null atanabilir olarak bildirmeyi g├Âz ├Ân├╝nde bulundurun. [C:\Users\gamze.k─▒l─▒nc\Desktop\FortuneCookie\Client\FortuneCookie.Client.csproj]
C:\Users\gamze.k─▒l─▒nc\Desktop\FortuneCookie\Client\Services\NetworkService.cs(17,27): warning CS8618: Null atanamaz alan '_udpClient', olu┼şturucudan ├ğ─▒k─▒┼ş yaparken null olmayan bir de─şer i├ğermelidir. 'Gerekli' de─şi┼ştiricisini ekleyin veya alan de─şerini null atanabilir olarak bildirmeyi g├Âz ├Ân├╝nde bulundurun. [C:\Users\gamze.k─▒l─▒nc\Desktop\FortuneCookie\Client\FortuneCookie.Client.csproj]
C:\Users\gamze.k─▒l─▒nc\Desktop\FortuneCookie\Client\Services\NetworkService.cs(22,37): warning CS8618: Null atanamaz olay 'OnLoginSuccess', olu┼şturucudan ├ğ─▒k─▒┼ş yaparken null olmayan bir de─şer i├ğermelidir. 'Gerekli' de─şi┼ştiricisini ekleyin veya olay de─şerini null atanabilir olarak bildirmeyi g├Âz ├Ân├╝nde bulundurun. [C:\Users\gamze.k─▒l─▒nc\Desktop\FortuneCookie\Client\FortuneCookie.Client.csproj]
C:\Users\gamze.k─▒l─▒nc\Desktop\FortuneCookie\Client\Services\NetworkService.cs(23,37): warning CS8618: Null atanamaz olay 'OnLoginFailed', olu┼şturucudan ├ğ─▒k─▒┼ş yaparken null olmayan bir de─şer i├ğermelidir. 'Gerekli' de─şi┼ştiricisini ekleyin veya olay de─şerini null atanabilir olarak bildirmeyi g├Âz ├Ân├╝nde bulundurun. [C:\Users\gamze.k─▒l─▒nc\Desktop\FortuneCookie\Client\FortuneCookie.Client.csproj]
C:\Users\gamze.k─▒l─▒nc\Desktop\FortuneCookie\Client\Services\NetworkService.cs(24,37): warning CS8618: Null atanamaz olay 'OnRegisterSuccess', olu┼şturucudan ├ğ─▒k─▒┼ş yaparken null olmayan bir de─şer i├ğermelidir. 'Gerekli' de─şi┼ştiricisini ekleyin veya olay de─şerini null atanabilir olarak bildirmeyi g├Âz ├Ân├╝nde bulundurun. [C:\Users\gamze.k─▒l─▒nc\Desktop\FortuneCookie\Client\FortuneCookie.Client.csproj]
C:\Users\gamze.k─▒l─▒nc\Desktop\FortuneCookie\Client\Services\NetworkService.cs(25,37): warning CS8618: Null atanamaz olay 'OnRegisterFailed', olu┼şturucudan ├ğ─▒k─▒┼ş yaparken null olmayan bir de─şer i├ğermelidir. 'Gerekli' de─şi┼ştiricisini ekleyin veya olay de─şerini null atanabilir olarak bildirmeyi g├Âz ├Ân├╝nde bulundurun. [C:\Users\gamze.k─▒l─▒nc\Desktop\FortuneCookie\Client\FortuneCookie.Client.csproj]
C:\Users\gamze.k─▒l─▒nc\Desktop\FortuneCookie\Client\Services\NetworkService.cs(26,38): warning CS8618: Null atanamaz olay 'OnFortuneReceived', olu┼şturucudan ├ğ─▒k─▒┼ş yaparken null olmayan bir de─şer i├ğermelidir. 'Gerekli' de─şi┼ştiricisini ekleyin veya olay de─şerini null atanabilir olarak bildirmeyi g├Âz ├Ân├╝nde bulundurun. [C:\Users\gamze.k─▒l─▒nc\Desktop\FortuneCookie\Client\FortuneCookie.Client.csproj]
C:\Users\gamze.k─▒l─▒nc\Desktop\FortuneCookie\Client\Services\NetworkService.cs(27,54): warning CS8618: Null atanamaz olay 'OnHistoryReceived', olu┼şturucudan ├ğ─▒k─▒┼ş yaparken null olmayan bir de─şer i├ğermelidir. 'Gerekli' de─şi┼ştiricisini ekleyin veya olay de─şerini null atanabilir olarak bildirmeyi g├Âz ├Ân├╝nde bulundurun. [C:\Users\gamze.k─▒l─▒nc\Desktop\FortuneCookie\Client\FortuneCookie.Client.csproj]
C:\Users\gamze.k─▒l─▒nc\Desktop\FortuneCookie\Client\Services\NetworkService.cs(28,37): warning CS8618: Null atanamaz olay 'OnBroadcastReceived', olu┼şturucudan ├ğ─▒k─▒┼ş yaparken null olmayan bir de─şer i├ğermelidir. 'Gerekli' de─şi┼ştiricisini ekleyin veya olay de─şerini null atanabilir olarak bildirmeyi g├Âz ├Ân├╝nde bulundurun. [C:\Users\gamze.k─▒l─▒nc\Desktop\FortuneCookie\Client\FortuneCookie.Client.csproj]
C:\Users\gamze.k─▒l─▒nc\Desktop\FortuneCookie\Client\Services\NetworkService.cs(29,43): warning CS8618: Null atanamaz olay 'OnUserListReceived', olu┼şturucudan ├ğ─▒k─▒┼ş yaparken null olmayan bir de─şer i├ğermelidir. 'Gerekli' de─şi┼ştiricisini ekleyin veya olay de─şerini null atanabilir olarak bildirmeyi g├Âz ├Ân├╝nde bulundurun. [C:\Users\gamze.k─▒l─▒nc\Desktop\FortuneCookie\Client\FortuneCookie.Client.csproj]
C:\Users\gamze.k─▒l─▒nc\Desktop\FortuneCookie\Client\Services\NetworkService.cs(30,51): warning CS8618: Null atanamaz olay 'OnMessageReceived', olu┼şturucudan ├ğ─▒k─▒┼ş yaparken null olmayan bir de─şer i├ğermelidir. 'Gerekli' de─şi┼ştiricisini ekleyin veya olay de─şerini null atanabilir olarak bildirmeyi g├Âz ├Ân├╝nde bulundurun. [C:\Users\gamze.k─▒l─▒nc\Desktop\FortuneCookie\Client\FortuneCookie.Client.csproj]
C:\Users\gamze.k─▒l─▒nc\Desktop\FortuneCookie\Client\Services\NetworkService.cs(31,44): warning CS8618: Null atanamaz olay 'OnMyFortunesReceived', olu┼şturucudan ├ğ─▒k─▒┼ş yaparken null olmayan bir de─şer i├ğermelidir. 'Gerekli' de─şi┼ştiricisini ekleyin veya olay de─şerini null atanabilir olarak bildirmeyi g├Âz ├Ân├╝nde bulundurun. [C:\Users\gamze.k─▒l─▒nc\Desktop\FortuneCookie\Client\FortuneCookie.Client.csproj]

Olu┼şturma BA┼ŞARISIZ OLDU.

C:\Users\gamze.k─▒l─▒nc\Desktop\FortuneCookie\Client\Services\NetworkService.cs(97,63): warning CS8625: Null sabit de─şer, bo┼ş de─şer atanamayan ba┼şvuru t├╝r├╝ne d├Ân├╝┼şt├╝r├╝lemiyor. [C:\Users\gamze.k─▒l─▒nc\Desktop\FortuneCookie\Client\FortuneCookie.Client.csproj]
C:\Users\gamze.k─▒l─▒nc\Desktop\FortuneCookie\Client\Services\NetworkService.cs(103,66): warning CS8625: Null sabit de─şer, bo┼ş de─şer atanamayan ba┼şvuru t├╝r├╝ne d├Ân├╝┼şt├╝r├╝lemiyor. [C:\Users\gamze.k─▒l─▒nc\Desktop\FortuneCookie\Client\FortuneCookie.Client.csproj]
C:\Users\gamze.k─▒l─▒nc\Desktop\FortuneCookie\Client\MainWindow.xaml.cs(202,33): warning CS8600: Null sabit de─şeri veya olas─▒ null de─şeri, bo┼ş de─şer atanamaz t├╝re d├Ân├╝┼şt├╝r├╝l├╝yor. [C:\Users\gamze.k─▒l─▒nc\Desktop\FortuneCookie\Client\FortuneCookie.Client.csproj]
C:\Users\gamze.k─▒l─▒nc\Desktop\FortuneCookie\Client\MainWindow.xaml.cs(213,34): warning CS8600: Null sabit de─şeri veya olas─▒ null de─şeri, bo┼ş de─şer atanamaz t├╝re d├Ân├╝┼şt├╝r├╝l├╝yor. [C:\Users\gamze.k─▒l─▒nc\Desktop\FortuneCookie\Client\FortuneCookie.Client.csproj]
C:\Users\gamze.k─▒l─▒nc\Desktop\FortuneCookie\Client\Services\NetworkService.cs(127,35): warning CS8600: Null sabit de─şeri veya olas─▒ null de─şeri, bo┼ş de─şer atanamaz t├╝re d├Ân├╝┼şt├╝r├╝l├╝yor. [C:\Users\gamze.k─▒l─▒nc\Desktop\FortuneCookie\Client\FortuneCookie.Client.csproj]
C:\Users\gamze.k─▒l─▒nc\Desktop\FortuneCookie\Client\Services\NetworkService.cs(171,30): warning CS0168: 'ex' de─şi┼şkeni ifade edilir ancak hi├ğbir zaman kullan─▒lmaz [C:\Users\gamze.k─▒l─▒nc\Desktop\FortuneCookie\Client\FortuneCookie.Client.csproj]
C:\Users\gamze.k─▒l─▒nc\Desktop\FortuneCookie\Client\MainWindow.xaml.cs(299,27): warning CS8618: Null atanamaz ├Âzellik 'CategoryDisplay', olu┼şturucudan ├ğ─▒k─▒┼ş yaparken null olmayan bir de─şer i├ğermelidir. 'Gerekli' de─şi┼ştiricisini ekleyin veya ├Âzellik de─şerini null atanabilir olarak bildirmeyi g├Âz ├Ân├╝nde bulundurun. [C:\Users\gamze.k─▒l─▒nc\Desktop\FortuneCookie\Client\FortuneCookie.Client.csproj]
C:\Users\gamze.k─▒l─▒nc\Desktop\FortuneCookie\Client\MainWindow.xaml.cs(300,27): warning CS8618: Null atanamaz ├Âzellik 'Text', olu┼şturucudan ├ğ─▒k─▒┼ş yaparken null olmayan bir de─şer i├ğermelidir. 'Gerekli' de─şi┼ştiricisini ekleyin veya ├Âzellik de─şerini null atanabilir olarak bildirmeyi g├Âz ├Ân├╝nde bulundurun. [C:\Users\gamze.k─▒l─▒nc\Desktop\FortuneCookie\Client\FortuneCookie.Client.csproj]
C:\Users\gamze.k─▒l─▒nc\Desktop\FortuneCookie\Client\MainWindow.xaml.cs(301,27): warning CS8618: Null atanamaz ├Âzellik 'CategoryColor', olu┼şturucudan ├ğ─▒k─▒┼ş yaparken null olmayan bir de─şer i├ğermelidir. 'Gerekli' de─şi┼ştiricisini ekleyin veya ├Âzellik de─şerini null atanabilir olarak bildirmeyi g├Âz ├Ân├╝nde bulundurun. [C:\Users\gamze.k─▒l─▒nc\Desktop\FortuneCookie\Client\FortuneCookie.Client.csproj]
C:\Users\gamze.k─▒l─▒nc\Desktop\FortuneCookie\Client\MainWindow.xaml.cs(302,27): warning CS8618: Null atanamaz ├Âzellik 'Icon', olu┼şturucudan ├ğ─▒k─▒┼ş yaparken null olmayan bir de─şer i├ğermelidir. 'Gerekli' de─şi┼ştiricisini ekleyin veya ├Âzellik de─şerini null atanabilir olarak bildirmeyi g├Âz ├Ân├╝nde bulundurun. [C:\Users\gamze.k─▒l─▒nc\Desktop\FortuneCookie\Client\FortuneCookie.Client.csproj]
C:\Users\gamze.k─▒l─▒nc\Desktop\FortuneCookie\Client\Services\NetworkService.cs(201,30): warning CS0168: 'ex' de─şi┼şkeni ifade edilir ancak hi├ğbir zaman kullan─▒lmaz [C:\Users\gamze.k─▒l─▒nc\Desktop\FortuneCookie\Client\FortuneCookie.Client.csproj]
C:\Users\gamze.k─▒l─▒nc\Desktop\FortuneCookie\Client\Services\NetworkService.cs(14,27): warning CS8618: Null atanamaz alan '_tcpClient', olu┼şturucudan ├ğ─▒k─▒┼ş yaparken null olmayan bir de─şer i├ğermelidir. 'Gerekli' de─şi┼ştiricisini ekleyin veya alan de─şerini null atanabilir olarak bildirmeyi g├Âz ├Ân├╝nde bulundurun. [C:\Users\gamze.k─▒l─▒nc\Desktop\FortuneCookie\Client\FortuneCookie.Client.csproj]
C:\Users\gamze.k─▒l─▒nc\Desktop\FortuneCookie\Client\Services\NetworkService.cs(15,30): warning CS8618: Null atanamaz alan '_reader', olu┼şturucudan ├ğ─▒k─▒┼ş yaparken null olmayan bir de─şer i├ğermelidir. 'Gerekli' de─şi┼ştiricisini ekleyin veya alan de─şerini null atanabilir olarak bildirmeyi g├Âz ├Ân├╝nde bulundurun. [C:\Users\gamze.k─▒l─▒nc\Desktop\FortuneCookie\Client\FortuneCookie.Client.csproj]
C:\Users\gamze.k─▒l─▒nc\Desktop\FortuneCookie\Client\Services\NetworkService.cs(16,30): warning CS8618: Null atanamaz alan '_writer', olu┼şturucudan ├ğ─▒k─▒┼ş yaparken null olmayan bir de─şer i├ğermelidir. 'Gerekli' de─şi┼ştiricisini ekleyin veya alan de─şerini null atanabilir olarak bildirmeyi g├Âz ├Ân├╝nde bulundurun. [C:\Users\gamze.k─▒l─▒nc\Desktop\FortuneCookie\Client\FortuneCookie.Client.csproj]
C:\Users\gamze.k─▒l─▒nc\Desktop\FortuneCookie\Client\Services\NetworkService.cs(17,27): warning CS8618: Null atanamaz alan '_udpClient', olu┼şturucudan ├ğ─▒k─▒┼ş yaparken null olmayan bir de─şer i├ğermelidir. 'Gerekli' de─şi┼ştiricisini ekleyin veya alan de─şerini null atanabilir olarak bildirmeyi g├Âz ├Ân├╝nde bulundurun. [C:\Users\gamze.k─▒l─▒nc\Desktop\FortuneCookie\Client\FortuneCookie.Client.csproj]
C:\Users\gamze.k─▒l─▒nc\Desktop\FortuneCookie\Client\Services\NetworkService.cs(22,37): warning CS8618: Null atanamaz olay 'OnLoginSuccess', olu┼şturucudan ├ğ─▒k─▒┼ş yaparken null olmayan bir de─şer i├ğermelidir. 'Gerekli' de─şi┼ştiricisini ekleyin veya olay de─şerini null atanabilir olarak bildirmeyi g├Âz ├Ân├╝nde bulundurun. [C:\Users\gamze.k─▒l─▒nc\Desktop\FortuneCookie\Client\FortuneCookie.Client.csproj]
C:\Users\gamze.k─▒l─▒nc\Desktop\FortuneCookie\Client\Services\NetworkService.cs(23,37): warning CS8618: Null atanamaz olay 'OnLoginFailed', olu┼şturucudan ├ğ─▒k─▒┼ş yaparken null olmayan bir de─şer i├ğermelidir. 'Gerekli' de─şi┼ştiricisini ekleyin veya olay de─şerini null atanabilir olarak bildirmeyi g├Âz ├Ân├╝nde bulundurun. [C:\Users\gamze.k─▒l─▒nc\Desktop\FortuneCookie\Client\FortuneCookie.Client.csproj]
C:\Users\gamze.k─▒l─▒nc\Desktop\FortuneCookie\Client\Services\NetworkService.cs(24,37): warning CS8618: Null atanamaz olay 'OnRegisterSuccess', olu┼şturucudan ├ğ─▒k─▒┼ş yaparken null olmayan bir de─şer i├ğermelidir. 'Gerekli' de─şi┼ştiricisini ekleyin veya olay de─şerini null atanabilir olarak bildirmeyi g├Âz ├Ân├╝nde bulundurun. [C:\Users\gamze.k─▒l─▒nc\Desktop\FortuneCookie\Client\FortuneCookie.Client.csproj]
C:\Users\gamze.k─▒l─▒nc\Desktop\FortuneCookie\Client\Services\NetworkService.cs(25,37): warning CS8618: Null atanamaz olay 'OnRegisterFailed', olu┼şturucudan ├ğ─▒k─▒┼ş yaparken null olmayan bir de─şer i├ğermelidir. 'Gerekli' de─şi┼ştiricisini ekleyin veya olay de─şerini null atanabilir olarak bildirmeyi g├Âz ├Ân├╝nde bulundurun. [C:\Users\gamze.k─▒l─▒nc\Desktop\FortuneCookie\Client\FortuneCookie.Client.csproj]
C:\Users\gamze.k─▒l─▒nc\Desktop\FortuneCookie\Client\Services\NetworkService.cs(26,38): warning CS8618: Null atanamaz olay 'OnFortuneReceived', olu┼şturucudan ├ğ─▒k─▒┼ş yaparken null olmayan bir de─şer i├ğermelidir. 'Gerekli' de─şi┼ştiricisini ekleyin veya olay de─şerini null atanabilir olarak bildirmeyi g├Âz ├Ân├╝nde bulundurun. [C:\Users\gamze.k─▒l─▒nc\Desktop\FortuneCookie\Client\FortuneCookie.Client.csproj]
C:\Users\gamze.k─▒l─▒nc\Desktop\FortuneCookie\Client\Services\NetworkService.cs(27,54): warning CS8618: Null atanamaz olay 'OnHistoryReceived', olu┼şturucudan ├ğ─▒k─▒┼ş yaparken null olmayan bir de─şer i├ğermelidir. 'Gerekli' de─şi┼ştiricisini ekleyin veya olay de─şerini null atanabilir olarak bildirmeyi g├Âz ├Ân├╝nde bulundurun. [C:\Users\gamze.k─▒l─▒nc\Desktop\FortuneCookie\Client\FortuneCookie.Client.csproj]
C:\Users\gamze.k─▒l─▒nc\Desktop\FortuneCookie\Client\Services\NetworkService.cs(28,37): warning CS8618: Null atanamaz olay 'OnBroadcastReceived', olu┼şturucudan ├ğ─▒k─▒┼ş yaparken null olmayan bir de─şer i├ğermelidir. 'Gerekli' de─şi┼ştiricisini ekleyin veya olay de─şerini null atanabilir olarak bildirmeyi g├Âz ├Ân├╝nde bulundurun. [C:\Users\gamze.k─▒l─▒nc\Desktop\FortuneCookie\Client\FortuneCookie.Client.csproj]
C:\Users\gamze.k─▒l─▒nc\Desktop\FortuneCookie\Client\Services\NetworkService.cs(29,43): warning CS8618: Null atanamaz olay 'OnUserListReceived', olu┼şturucudan ├ğ─▒k─▒┼ş yaparken null olmayan bir de─şer i├ğermelidir. 'Gerekli' de─şi┼ştiricisini ekleyin veya olay de─şerini null atanabilir olarak bildirmeyi g├Âz ├Ân├╝nde bulundurun. [C:\Users\gamze.k─▒l─▒nc\Desktop\FortuneCookie\Client\FortuneCookie.Client.csproj]
C:\Users\gamze.k─▒l─▒nc\Desktop\FortuneCookie\Client\Services\NetworkService.cs(30,51): warning CS8618: Null atanamaz olay 'OnMessageReceived', olu┼şturucudan ├ğ─▒k─▒┼ş yaparken null olmayan bir de─şer i├ğermelidir. 'Gerekli' de─şi┼ştiricisini ekleyin veya olay de─şerini null atanabilir olarak bildirmeyi g├Âz ├Ân├╝nde bulundurun. [C:\Users\gamze.k─▒l─▒nc\Desktop\FortuneCookie\Client\FortuneCookie.Client.csproj]
C:\Users\gamze.k─▒l─▒nc\Desktop\FortuneCookie\Client\Services\NetworkService.cs(31,44): warning CS8618: Null atanamaz olay 'OnMyFortunesReceived', olu┼şturucudan ├ğ─▒k─▒┼ş yaparken null olmayan bir de─şer i├ğermelidir. 'Gerekli' de─şi┼ştiricisini ekleyin veya olay de─şerini null atanabilir olarak bildirmeyi g├Âz ├Ân├╝nde bulundurun. [C:\Users\gamze.k─▒l─▒nc\Desktop\FortuneCookie\Client\FortuneCookie.Client.csproj]
C:\Users\gamze.k─▒l─▒nc\Desktop\FortuneCookie\Client\MainWindow.xaml.cs(106,29): error CS0246: 'BitmapImage' t├╝r├╝ veya ad alan─▒ ad─▒ bulunamad─▒ (bir using y├Ânergeniz veya derleme ba┼şvurunuz mu eksik?) [C:\Users\gamze.k─▒l─▒nc\Desktop\FortuneCookie\Client\FortuneCookie.Client.csproj]
C:\Users\gamze.k─▒l─▒nc\Desktop\FortuneCookie\Client\MainWindow.xaml.cs(141,49): error CS0246: 'BitmapImage' t├╝r├╝ veya ad alan─▒ ad─▒ bulunamad─▒ (bir using y├Ânergeniz veya derleme ba┼şvurunuz mu eksik?) [C:\Users\gamze.k─▒l─▒nc\Desktop\FortuneCookie\Client\FortuneCookie.Client.csproj]
C:\Users\gamze.k─▒l─▒nc\Desktop\FortuneCookie\Client\MainWindow.xaml.cs(145,49): error CS0246: 'BitmapImage' t├╝r├╝ veya ad alan─▒ ad─▒ bulunamad─▒ (bir using y├Ânergeniz veya derleme ba┼şvurunuz mu eksik?) [C:\Users\gamze.k─▒l─▒nc\Desktop\FortuneCookie\Client\FortuneCookie.Client.csproj]
    25 Uyar─▒
    3 Hata

Ge├ğen S├╝re 00:00:02.16
